// Jest Snapshot v1, https://goo.gl/fbAQLP

exports[`settings actions import/export processing imported txs creates new tags and txs 1`] = `
Object {
  "errorReason": undefined,
  "tags": Map {
    "Tickets" => Object {
      "id": "uuid0",
      "name": "Tickets",
      "uid": "mockedUserId",
    },
    "Shopping" => Object {
      "id": "uuid2",
      "name": "Shopping",
      "uid": "mockedUserId",
    },
  },
  "txs": Array [
    Object {
      "amount": 1,
      "currency": "EUR",
      "dateTime": 2017-08-19T00:00:00.000Z,
      "id": "uuid1",
      "isExpense": true,
      "note": "",
      "tagIds": Array [
        "id1",
        "uuid0",
      ],
      "transactionType": "imported",
      "uid": "mockedUserId",
    },
    Object {
      "amount": 0.7,
      "currency": "EUR",
      "dateTime": 2017-08-16T00:00:00.000Z,
      "id": "uuid3",
      "isExpense": true,
      "note": "",
      "tagIds": Array [
        "uuid2",
      ],
      "transactionType": "imported",
      "uid": "mockedUserId",
    },
  ],
}
`;

exports[`settings actions import/export processing imported txs creates new tags and txs 2`] = `
Object {
  "errorReason": undefined,
  "tags": Map {
    "A" => Object {
      "id": "uuid4",
      "name": "A",
      "uid": "mockedUserId",
    },
    "B" => Object {
      "id": "uuid5",
      "name": "B",
      "uid": "mockedUserId",
    },
    "C" => Object {
      "id": "uuid6",
      "name": "C",
      "uid": "mockedUserId",
    },
  },
  "txs": Array [
    Object {
      "amount": 1.56,
      "currency": "EUR",
      "dateTime": 2016-02-16T00:00:00.000Z,
      "id": "uuid7",
      "isExpense": true,
      "note": "",
      "tagIds": Array [
        "uuid4",
        "uuid5",
        "uuid6",
      ],
      "transactionType": "imported",
      "uid": "mockedUserId",
    },
  ],
}
`;

exports[`settings actions import/export processing imported txs exporting imported txs yields identity 1`] = `
"2017-08-19T00:00:00.000Z,-1,Travel|Tickets,,EUR
2017-08-16T00:00:00.000Z,-0.7,Shopping,,EUR"
`;
