// Jest Snapshot v1, https://goo.gl/fbAQLP

exports[`settings actions import/export csv format creates new tags and txs 1`] = `
Object {
  "errorReason": undefined,
  "profile": Object {},
  "tags": Object {
    "0": Object {
      "automatic": false,
      "id": 0,
      "name": "Tickets",
      "uid": null,
    },
    "2": Object {
      "automatic": false,
      "id": 2,
      "name": "Shopping",
      "uid": null,
    },
  },
  "transactions": Object {
    "1": Object {
      "amount": 1,
      "currency": "EUR",
      "dateTime": 2017-08-19T00:00:00.000Z,
      "id": 1,
      "note": "",
      "repeating": "none",
      "tagIds": Array [
        "id1",
        0,
      ],
      "type": "expense",
      "uid": null,
    },
    "3": Object {
      "amount": 0.7,
      "currency": "EUR",
      "dateTime": 2017-08-16T00:00:00.000Z,
      "id": 3,
      "note": "",
      "repeating": "annually",
      "tagIds": Array [
        2,
      ],
      "type": "expense",
      "uid": null,
    },
  },
}
`;

exports[`settings actions import/export csv format creates new tags and txs 2`] = `
Object {
  "errorReason": undefined,
  "profile": Object {},
  "tags": Object {
    "4": Object {
      "automatic": false,
      "id": 4,
      "name": "A",
      "uid": null,
    },
    "5": Object {
      "automatic": false,
      "id": 5,
      "name": "B",
      "uid": null,
    },
    "6": Object {
      "automatic": false,
      "id": 6,
      "name": "C",
      "uid": null,
    },
  },
  "transactions": Object {
    "7": Object {
      "amount": 1.56,
      "currency": "EUR",
      "dateTime": 2016-02-16T00:00:00.000Z,
      "id": 7,
      "note": "",
      "repeating": "monthly",
      "tagIds": Array [
        4,
        5,
        6,
      ],
      "type": "expense",
      "uid": null,
    },
  },
}
`;

exports[`settings actions import/export csv format exporting imported txs yields identity 1`] = `
"2017-08-19T00:00:00.000Z,-1,Travel|Tickets,,EUR,none
2017-08-16T00:00:00.000Z,-0.7,Shopping,,EUR,monthly"
`;
